// Jest Snapshot v1, https://jestjs.io/docs/snapshot-testing

exports[`gendiff compares nested json files (stylish) 1`] = `
"{
  - common: [object Object]
  + common: [object Object]
  - group1: [object Object]
  + group1: [object Object]
  - group2: [object Object]
  + group3: [object Object]
}"
`;

exports[`gendiff compares nested yaml files (stylish) 1`] = `
"{
  - common: [object Object]
  + common: [object Object]
  - group1: [object Object]
  + group1: [object Object]
  - group2: [object Object]
  + group3: [object Object]
}"
`;
